<testsuites id="" name="" tests="4" failures="0" skipped="0" errors="0" time="69.5834">
<testsuite name="venapp.spec.ts" timestamp="2025-02-19T00:18:19.843Z" hostname="chromium" tests="4" failures="0" skipped="0" time="68.365" errors="0">
<testcase name="E2E-VENAPP-001 Login exitoso @smoke @regression" classname="venapp.spec.ts" time="18.355">
</testcase>
<testcase name="E2E-VENAPP-002 Login fallido con email incorrecto @regression" classname="venapp.spec.ts" time="9.294">
</testcase>
<testcase name="E2E-VENAPP-003 Login fallido con password incorrecto @regression" classname="venapp.spec.ts" time="9.316">
</testcase>
<testcase name="E2E-VENAPP-004 Buscar,agregar productos y validar total del carrito @smoke @regression" classname="venapp.spec.ts" time="31.4">
</testcase>
</testsuite>
</testsuites>